- @companySize ||= "big-company"  
.customers-trust.row
  %h4
    %span Trusted By
  %div{class: "#{@companySize}"}
    %img{src: '(data-uri "img/logos/salesforce.png")',
         title: "Salesforce"}
  %div{class: "#{@companySize}"}
    %img{src: '(data-uri "img/logos/samsung.png")',
         title: "Samsung"}
  %div{class: "#{@companySize}"}
    %img{src: '(data-uri "img/logos/kickstarter.png")',
         title: "Kickstarter"}
  %div{class: "#{@companySize}"}
    %img{src: '(data-uri "img/logos/cisco.png")',
         title: "Cisco"}
  %div{class: "#{@companySize}"}
    %img{src: '(data-uri "img/logos/shopify.png")',
         title: "Shopify"}
  %span.stretch