#enterprise

  .enterprise-hero

    %section.enterprise-hero-wrapper

      %article.enterprise-hero-title

        %h1 Ship code at the speed of business.
        %h3 Powerful, continuous deployment, on-premises or in the cloud.

      %article.enterprise-hero-units

        .enterprise-hero-unit

          != HAML.enterprise_server({})

          %h2 CircleCI on-premises
          %p Install CircleCI behind your firewall or in a private cloud for security that you control.

        .enterprise-hero-unit

          != HAML.enterprise_cloud({})

          %h2 CircleCI in the cloud
          %p All the same great features as CircleCI's hosted offering along with SLA, role-based access control, flexible payments options and more.



  .enterprise-features

    %section.enterprise-features-wrapper

      .enterprise-feature

        %article
          %h4 Maintain complete control
          %p With on-premises and private cloud options, role-based access control, and enterprise grade security you can maintain complete control of your source code and deployment process.
          %a{"href" => "#", "data-toggle" => "modal", "data-target" => "#enterpriseModal", "data-bind" => "track_link: {event: 'Fire enterprise Modal', properties: {'source': 'control'}}"} Learn More

        != HAML.enterprise_control({})

      .enterprise-feature

        != HAML.enterprise_support({})

        %article
          %h4 Enterprise support
          %p Your success is our number one priority which is why we offer 24/7 support and multiple deployment options with service-level agreements.
          %a{"href" => "#", "data-toggle" => "modal", "data-target" => "#enterpriseModal", "data-bind" => "track_link: {event: 'Fire enterprise Modal', properties: {'source': 'support'}}"} Learn More

      .enterprise-feature

        %article
          %h4 Seamless integration
          %p We integrate with your current workflow via Github Enterprise, Amazon VPC, and more.
          %a{"href" => "#", "data-toggle" => "modal", "data-target" => "#enterpriseModal", "data-bind" => "track_link: {event: 'Fire enterprise Modal', properties: {'source': 'integration'}}"} Learn More

        != HAML.enterprise_integration({})



  .enterprise-cta

    %section.enterprise-cta-wrapper

      .enterprise-cta-contact
        %button{"title" => "Contact Us", "href" => "#", "data-toggle" => "modal", "data-target" => "#enterpriseModal", "data-bind" => "track_link: {event: 'Fire enterprise Modal', properties: {'source': 'hero'}}"} Contact Us

      .enterprise-cta-trust
        != HAML.customers_trust()

      != HAML.enterprise_modal()

