window.stefon_hack_for_om =
  data_uris:
    "/img/logos/salesforce.png": '(data-uri "img/logos/salesforce.png")'
    "/img/logos/samsung.png": '(data-uri "img/logos/samsung.png")'
    "/img/logos/kickstarter.png": '(data-uri "img/logos/kickstarter.png")'
    "/img/logos/cisco.png": '(data-uri "img/logos/cisco.png")'
    "/img/logos/shopify.png": '(data-uri "img/logos/shopify.png")'
    "/img/outer/home/aaron-suggs.jpg": '(data-uri "img/outer/home/aaron-suggs.jpg")'
    "/img/outer/home/john-collison-2.png": '(data-uri "img/outer/home/john-collison-2.png")'
    "/img/outer/home/jon-crawford-2.png": '(data-uri "img/outer/home/jon-crawford-2.png")'
    "/img/outer/home/octocat.png": '(data-uri "img/outer/home/octocat.png")'
    "/img/outer/home/test-output.png": '(data-uri "img/outer/home/test-output.png")'
    "/img/outer/home/deploy.png": '(data-uri "img/outer/home/deploy.png")'

  asset_paths:
    "/img/outer/about/paul.png": '(asset-path "img/outer/about/paul.png")'
    "/img/outer/about/allen.png": '(asset-path "img/outer/about/allen.png")'
    "/img/outer/about/david.png": '(asset-path "img/outer/about/david.png")'
    "/img/outer/about/jenneviere.png": '(asset-path "img/outer/about/jenneviere.png")'
    "/img/outer/about/daniel.png": '(asset-path "img/outer/about/daniel.png")'
    "/img/outer/about/mahmood.png": '(asset-path "img/outer/about/mahmood.png")'
    "/img/outer/about/gordon.png": '(asset-path "img/outer/about/gordon.png")'
    "/img/outer/about/danny.png": '(asset-path "img/outer/about/danny.png")'
    "/img/outer/about/nick.png": '(asset-path "img/outer/about/nick.png")'
    "/img/outer/about/tim.png": '(asset-path "img/outer/about/tim.png")'
    "/img/outer/stories/john.jpg": '(asset-path "img/outer/stories/john.jpg")'
    "/img/outer/stories/arthur.jpg": '(asset-path "img/outer/stories/arthur.jpg")'
    "/img/container-oriented.png": '(asset-path "img/container-oriented.png")'
    "/img/docs/artifacts.png": '(asset-path "img/docs/artifacts.png")'
    "/img/outer/docs/artifacts_listing.png": '(asset-path "img/outer/docs/artifacts_listing.png")'
    "/img/outer/docs/coverage_example.png": '(asset-path "img/outer/docs/coverage_example.png")'
    "/img/docs/heroku-step1.png": '(asset-path "img/docs/heroku-step1.png")'
    "/img/docs/heroku-step2.png": '(asset-path "img/docs/heroku-step2.png")'
    "/img/outer/docs/ssh-build-button.png": '(asset-path "img/outer/docs/ssh-build-button.png")'
    "/img/outer/docs/ssh-build-details.png": '(asset-path "img/outer/docs/ssh-build-details.png")'
    "/docs/api.md": '(asset-path "docs/api.md")'
    "/docs/android.md": '(asset-path "docs/android.md")'
    "/docs/article-list.md": '(asset-path "docs/article-list.md")'
    "/docs/background-process.md": '(asset-path "docs/background-process.md")'
    "/docs/browser-debugging.md": '(asset-path "docs/browser-debugging.md")'
    "/docs/browser-testing-with-sauce-labs.md": '(asset-path "docs/browser-testing-with-sauce-labs.md")'
    "/docs/build-artifacts.md": '(asset-path "docs/build-artifacts.md")'
    "/docs/bundler-latest.md": '(asset-path "docs/bundler-latest.md")'
    "/docs/cabal-test-timeout.md": '(asset-path "docs/cabal-test-timeout.md")'
    "/docs/cant-follow.md": '(asset-path "docs/cant-follow.md")'
    "/docs/capybara-timeout.md": '(asset-path "docs/capybara-timeout.md")'
    "/docs/chromedriver-moving-elements.md": '(asset-path "docs/chromedriver-moving-elements.md")'
    "/docs/circleyml-language-example.md": '(asset-path "docs/circleyml-language-example.md")'
    "/docs/clojure-12.md": '(asset-path "docs/clojure-12.md")'
    "/docs/code-coverage.md": '(asset-path "docs/code-coverage.md")'
    "/docs/composer-api-rate-limit.md": '(asset-path "docs/composer-api-rate-limit.md")'
    "/docs/config-sample.md": '(asset-path "docs/config-sample.md")'
    "/docs/configuration.md": '(asset-path "docs/configuration.md")'
    "/docs/contact-us.md": '(asset-path "docs/contact-us.md")'
    "/docs/continuous-deployment-with-heroku.md": '(asset-path "docs/continuous-deployment-with-heroku.md")'
    "/docs/continuous-deployment.md": '(asset-path "docs/continuous-deployment.md")'
    "/docs/deploy-google-app-engine.md": '(asset-path "docs/deploy-google-app-engine.md")'
    "/docs/docker.md": '(asset-path "docs/docker.md")'
    "/docs/docs-search-form.md": '(asset-path "docs/docs-search-form.md")'
    "/docs/dont-run.md": '(asset-path "docs/dont-run.md")'
    "/docs/ec2ip-and-security-group.md": '(asset-path "docs/ec2ip-and-security-group.md")'
    "/docs/environment-variables.md": '(asset-path "docs/environment-variables.md")'
    "/docs/environment.md": '(asset-path "docs/environment.md")'
    "/docs/external-resources.md": '(asset-path "docs/external-resources.md")'
    "/docs/file-ordering.md": '(asset-path "docs/file-ordering.md")'
    "/docs/filesystem.md": '(asset-path "docs/filesystem.md")'
    "/docs/getting-started.md": '(asset-path "docs/getting-started.md")'
    "/docs/git-bundle-install.md": '(asset-path "docs/git-bundle-install.md")'
    "/docs/git-npm-install.md": '(asset-path "docs/git-npm-install.md")'
    "/docs/git-pip-install.md": '(asset-path "docs/git-pip-install.md")'
    "/docs/github-permissions.md": '(asset-path "docs/github-permissions.md")'
    "/docs/github-privacy.md": '(asset-path "docs/github-privacy.md")'
    "/docs/github-security-ssh-keys.md": '(asset-path "docs/github-security-ssh-keys.md")'
    "/docs/how-parallelism-works.md": '(asset-path "docs/how-parallelism-works.md")'
    "/docs/how-to.md": '(asset-path "docs/how-to.md")'
    "/docs/installing-custom-software.md": '(asset-path "docs/installing-custom-software.md")'
    "/docs/installing-elasticsearch.md": '(asset-path "docs/installing-elasticsearch.md")'
    "/docs/introduction-to-continuous-deployment.md": '(asset-path "docs/introduction-to-continuous-deployment.md")'
    "/docs/language-haskell.md": '(asset-path "docs/language-haskell.md")'
    "/docs/language-java.md": '(asset-path "docs/language-java.md")'
    "/docs/language-nodejs.md": '(asset-path "docs/language-nodejs.md")'
    "/docs/language-php.md": '(asset-path "docs/language-php.md")'
    "/docs/language-python.md": '(asset-path "docs/language-python.md")'
    "/docs/language-ruby-on-rails.md": '(asset-path "docs/language-ruby-on-rails.md")'
    "/docs/languages.md": '(asset-path "docs/languages.md")'
    "/docs/look-at-code.md": '(asset-path "docs/look-at-code.md")'
    "/docs/manually.md": '(asset-path "docs/manually.md")'
    "/docs/missing-dir.md": '(asset-path "docs/missing-dir.md")'
    "/docs/missing-file.md": '(asset-path "docs/missing-file.md")'
    "/docs/nightly-builds.md": '(asset-path "docs/nightly-builds.md")'
    "/docs/oom.md": '(asset-path "docs/oom.md")'
    "/docs/parallel-manual-setup.md": '(asset-path "docs/parallel-manual-setup.md")'
    "/docs/parallelism.md": '(asset-path "docs/parallelism.md")'
    "/docs/parameterized-builds.md": '(asset-path "docs/parameterized-builds.md")'
    "/docs/permissions-and-access-during-deployment.md": '(asset-path "docs/permissions-and-access-during-deployment.md")'
    "/docs/php-memcached-compile-error.md": '(asset-path "docs/php-memcached-compile-error.md")'
    "/docs/polling-project-status.md": '(asset-path "docs/polling-project-status.md")'
    "/docs/privacy-security.md": '(asset-path "docs/privacy-security.md")'
    "/docs/reference.md": '(asset-path "docs/reference.md")'
    "/docs/related-articles.md": '(asset-path "docs/related-articles.md")'
    "/docs/requires-admin.md": '(asset-path "docs/requires-admin.md")'
    "/docs/rspec-wrong-exit-code.md": '(asset-path "docs/rspec-wrong-exit-code.md")'
    "/docs/ruby-debugger-problems.md": '(asset-path "docs/ruby-debugger-problems.md")'
    "/docs/ruby-exception-during-schema-load.md": '(asset-path "docs/ruby-exception-during-schema-load.md")'
    "/docs/skip-a-build.md": '(asset-path "docs/skip-a-build.md")'
    "/docs/ssh-build.md": '(asset-path "docs/ssh-build.md")'
    "/docs/status-badges.md": '(asset-path "docs/status-badges.md")'
    "/docs/test-with-solr.md": '(asset-path "docs/test-with-solr.md")'
    "/docs/time-day.md": '(asset-path "docs/time-day.md")'
    "/docs/time-seconds.md": '(asset-path "docs/time-seconds.md")'
    "/docs/troubleshooting-browsers.md": '(asset-path "docs/troubleshooting-browsers.md")'
    "/docs/troubleshooting-clojure.md": '(asset-path "docs/troubleshooting-clojure.md")'
    "/docs/troubleshooting-haskell.md": '(asset-path "docs/troubleshooting-haskell.md")'
    "/docs/troubleshooting-nodejs.md": '(asset-path "docs/troubleshooting-nodejs.md")'
    "/docs/troubleshooting-php.md": '(asset-path "docs/troubleshooting-php.md")'
    "/docs/troubleshooting-python.md": '(asset-path "docs/troubleshooting-python.md")'
    "/docs/troubleshooting-ruby.md": '(asset-path "docs/troubleshooting-ruby.md")'
    "/docs/troubleshooting.md": '(asset-path "docs/troubleshooting.md")'
    "/docs/unusual.md": '(asset-path "docs/unusual.md")'
    "/docs/what-happens.md": '(asset-path "docs/what-happens.md")'
    "/docs/wrong-ruby-commands.md": '(asset-path "docs/wrong-ruby-commands.md")'
    "/docs/wrong-ruby-version.md": '(asset-path "docs/wrong-ruby-version.md")'
