.row.customers
  %h3.center-txt Powering World Class Engineering Teams
  %div.logos
    %a.span2{href: "http://www.storenvy.com/"}
      %img{height: "27", width: "140",
           src: '(data-uri "img/outer/home/logos/storenvy-color.png" 140 27)',
           title: "Storenvy"}
    %a.span2{href: "https://www.mongohq.com/home"}
      %img{height: "70", width: "140",
           src: '(data-uri "img/outer/home/logos/mongohq-color.png" 140 70)',
           title: "MongoHQ"}
    %a.span2{href: "http://www.tapjoy.com/"}
      %img{height: "64", width: "140",
           src: '(data-uri "img/outer/home/logos/tapjoy-color.png" 140 64)',
           title: "Tapjoy"}
    %a.span2{href: "http://www.kickstarter.com/"}
      %img{height: "16", width: "140",
           src: '(data-uri "img/outer/home/logos/kickstarter-color.png" 140 16)',
           title: "Kickstarter"}
    %a.span2{href: "http://www.redbull.com/en"}
      %img{height: "84", width: "140",
           src: '(data-uri "img/outer/home/logos/red-bull-color.png" 140 84)',
           title: "RedBull"}
    %a.span2{href: "https://stripe.com/"}
      %img{height: "57", width: "140",
           src: '(data-uri "img/outer/home/logos/stripe.png" 140 57)',
           title: "Stripe"}

